
> personal-portfolio@0.1.0 build
> react-scripts build

node.exe : (node:26240) [DEP0176] 
DeprecationWarning: fs.F_OK is deprecated, 
use fs.constants.F_OK instead
At line:1 char:1
+ & "C:\Program Files\nodejs/node.exe" 
"C:\Users\mbila\AppData\Roaming\ ...
+ ~~~~~~~~~~~~~~~~~~~~~~~~~~~~~~~~~~~~~~~~~~~~
~~~~~~~~~~~~~~~~~~~~~~~~~
    + CategoryInfo          : NotSpecified: ( 
   (node:26240) [D...ts.F_OK instead:String)  
   [], RemoteException
    + FullyQualifiedErrorId : NativeCommandEr 
   ror
 
(Use `node --trace-deprecation ...` to show 
where the warning was created)
Creating an optimized production build...
Failed to compile.

SyntaxError: C:\Users\mbila\OneDrive\Documents\portfolio\web-dev-projects-main (1)\web-dev-projects-main\personal-portfolio\src\components\About.js: Identifier directly after number. (307:34)
  305 |           {item.label}
  306 |         </div>
> 307 |         <div style={{ fontSize: 13px, color: "rgba(255,255,255,0.82)", fontWeight: 500 }}>
      |                                   ^
  308 |           {item.value}
  309 |         </div>
  310 |       </div>


